
> mateflow@0.1.0 build
> next build

Γû▓ Next.js 16.1.6 (Turbopack)
- Environments: .env.local

node.exe : ΓÜá The "middleware" file convention is deprecated. Please 
use "proxy" instead. Learn more: 
https://nextjs.org/docs/messages/middleware-to-proxy
At line:1 char:1
+ & "C:\Program Files\nodejs/node.exe" "C:\Program Files\nodejs/node_mo 
...
+ ~~~~~~~~~~~~~~~~~~~~~~~~~~~~~~~~~~~~~~~~~~~~~~~~~~~~~~~~~~~~~~~~~~~~~
    + CategoryInfo          : NotSpecified: (ΓÜá The "middle...leware-t 
   o-proxy:String) [], RemoteException
    + FullyQualifiedErrorId : NativeCommandError
 
  Creating an optimized production build ...
Error: "./dist/tw-animate.css" is not exported under the condition 
"style" from package D:\Work\mateflow\node_modules\tw-animate-css (see 
exports field in 
D:\Work\mateflow\node_modules\tw-animate-css\package.json)
    [2m[at D:\Work\mateflow\node_modules\enhanced-resolve\lib\ExportsFi
eldPlugin.js:123:7][0m
    [2m[at Hook.eval [as callAsync] (eval at create 
(D:\Work\mateflow\node_modules\tapable\lib\HookCodeFactory.js:31:10), 
<anonymous>:22:1)][0m
    [2m[at Resolver.doResolve (D:\Work\mateflow\node_modules\enhanced-r
esolve\lib\Resolver.js:736:16)][0m
    [2m[at D:\Work\mateflow\node_modules\enhanced-resolve\lib\Descripti
onFilePlugin.js:80:17][0m
    [2m[at D:\Work\mateflow\node_modules\enhanced-resolve\lib\Descripti
onFileUtils.js:161:24][0m
    [2m[at D:\Work\mateflow\node_modules\enhanced-resolve\lib\forEachBa
il.js:39:13][0m
    [2m[at onJson (D:\Work\mateflow\node_modules\enhanced-resolve\lib\D
escriptionFileUtils.js:96:6)][0m
    [2m[at D:\Work\mateflow\node_modules\enhanced-resolve\lib\Descripti
onFileUtils.js:123:7][0m
    [2m[at SyncAsyncFileSystemDecorator.readJson (D:\Work\mateflow\node
_modules\enhanced-resolve\lib\SyncAsyncFileSystemDecorator.js:204:6)][0
m
    [2m[at D:\Work\mateflow\node_modules\enhanced-resolve\lib\Descripti
onFileUtils.js:104:26][0m

> Build error occurred
Error: Turbopack build failed with 1 errors:
./app/globals.css
Error evaluating Node.js code
CssSyntaxError: tailwindcss: D:\Work\mateflow\app\globals.css:1:1: 
"./dist/tw-animate.css" is not exported under the condition "style" 
from package D:\Work\mateflow\node_modules\tw-animate-css (see exports 
field in D:\Work\mateflow\node_modules\tw-animate-css\package.json)
    at Input.error (node_modules/postcss/lib/input.js:135:16) 
[D:\Work\mateflow\.next\build\chunks\node_modules_fe693df6._.js:4651:22]
    at Root.error (node_modules/postcss/lib/node.js:146:32) 
[D:\Work\mateflow\.next\build\chunks\node_modules_fe693df6._.js:928:38]
    [at Object.Once (D:\Work\mateflow\node_modules\@tailwindcss\postcss\
dist\index.js:10:6911)]
    [at process.processTicksAndRejections 
(node:internal/process/task_queues:103:5)]
    at async LazyResult.runAsync 
(node_modules/postcss/lib/lazy-result.js:293:11) 
[D:\Work\mateflow\.next\build\chunks\node_modules_fe693df6._.js:6206:21]
    at async transform 
(turbopack:///[turbopack-node]/transforms/postcss.ts:70:34) [D:\Work\mat
eflow\.next\build\chunks\[root-of-the-server]__51225daf._.js:146:36]
    at async run (turbopack:///[turbopack-node]/ipc/evaluate.ts:92:23) [
D:\Work\mateflow\.next\build\chunks\[root-of-the-server]__974941ed._.js:
443:31]

Import trace:
  Client Component Browser:
    ./app/globals.css [Client Component Browser]
    ./app/layout.tsx [Server Component]


    at async transform 
(turbopack:///[turbopack-node]/transforms/postcss.ts:70:34) [D:\Work\mat
eflow\.next\build\chunks\[root-of-the-server]__51225daf._.js:146:36])
    at async run (turbopack:///[turbopack-node]/ipc/evaluate.ts:92:23) [
D:\Work\mateflow\.next\build\chunks\[root-of-the-server]__974941ed._.js:
443:31])
